Microchip MPLAB XC8 Compiler V2.32

Linker command line:

-W-3 --edf=C:\Program Files\Microchip\xc8\v2.32\pic\dat\en_msgs.txt \
  -pivt0x8=08h -cn -h+dist/default/production\Droner.X.production.sym \
  --cmf=dist/default/production\Droner.X.production.cmf -z -Q18F24K42 \
  -oC:\Users\victor\AppData\Local\Temp\xcAsb38.4 --defsym=__MPLAB_BUILD=1 \
  -Mdist/default/production/Droner.X.production.map -E1 -ver=XC8 Compiler \
  --acfsm=1493 -ASTACK=0116h-03FFh -pstack=STACK -ACODE=00h-03FFFh \
  -ACONST=00h-03FFFh -ASMALLCONST=0400h-04FFhx60 -AMEDIUMCONST=0400h-03FFFh \
  -ACOMRAM=01h-05Fh -AABS1=00h-03FFh -ABIGRAM=01h-03FFh \
  -ARAM=060h-0FFh,0100h-01FFhx3 -ABANK0=060h-0FFh -ABANK1=0100h-01FFh \
  -ABANK2=0200h-02FFh -ABANK3=0300h-03FFh \
  -ASFR=03800h-038FFhx7,03F00h-03F5Fh,03F60h-03FFFh \
  -ACONFIG=0300000h-0300009h -AIDLOC=0200000h-020000Fh \
  -AEEDATA=0310000h-03100FFh -peeprom_data=EEDATA -preset_vec=00h \
  -ppowerup=CODE,init -pramtop=0400h -psmallconst=SMALLCONST \
  -pmediumconst=MEDIUMCONST -pconst=CONST -AFARRAM=00h-00h \
  -prdata=COMRAM,nvrram=COMRAM,nvbit=COMRAM,rbss=COMRAM,rbit=COMRAM \
  -pfarbss=FARRAM,fardata=FARRAM,nvFARRAM=FARRAM \
  -pintsave_regs=BIGRAM,bigbss=BIGRAM,bigdata=BIGRAM -pbss=RAM \
  -pidata=CODE,irdata=CODE,ibigdata=CODE,ifardata=CODE -prparam=COMRAM \
  C:\Users\victor\AppData\Local\Temp\xcAsb38.o \
  dist/default/production\Droner.X.production.o 

Object code version is 3.11

Machine type is 18F24K42



                Name                               Link     Load   Length Selector   Space Scale
C:\Users\victor\AppData\Local\Temp\xcAsb38.o
                idloc                            200000   200000       10        0       5
                config                           300000   300000        A        0       4
                init                                 1C       1C        4        4       0
                reset_vec                             0        0        4        0       0
dist/default/production\Droner.X.production.o
                idloc                            200000   200000       10        0       5
                config                           300000   300000        A        0       4
                smallconst                          400      400       30      200       0
                ivt0x8                                8        8       14        4       0
                text63                             2226     2226       2C      218       0
                text62                             230E     230E       24      218       0
                text61                             1D12     1D12       64      218       0
                text60                             24B4     24B4       18      218       0
                text59                             2502     2502        C     126F       0
                text58                             20DE     20DE       3E      218       0
                text57                             249C     249C       18      218       0
                text56                             2484     2484       18      218       0
                text55                             24F6     24F6        C     126F       0
                text54                             22A0     22A0       26      218       0
                text53                             2060     2060       40      218       0
                text52                             18D2     18D2      106      218       0
                text51                             1F14     1F14       46      218       0
                text50                             2530     2530        2     1298       0
                text49                             1F9E     1F9E       42      218       0
                text48                             1D76     1D76       60      218       0
                text47                             22EA     22EA       24      218       0
                text46                             2020     2020       40      218       0
                text45                             246C     246C       18      218       0
                text44                             2370     2370       1C      218       0
                text43                             2332     2332       22      218       0
                text42                             2522     2522        8     126F       0
                text41                             2454     2454       18      218       0
                text40                             2518     2518        A     126F       0
                text39                             1A9E     1A9E       AE      218       0
                text38                             22C6     22C6       24      218       0
                text37                             243C     243C       18      218       0
                text36                             2424     2424       18      218       0
                text35                             240C     240C       18      218       0
                text34                             23F4     23F4       18      218       0
                text33                             23DA     23DA       1A      218       0
                text32                             21F4     21F4       32      218       0
                text31                             2354     2354       1C      218       0
                text30                             250E     250E        A     126F       0
                text29                             1FE0     1FE0       40      218       0
                text28                             20A0     20A0       3E      218       0
                text27                              D42      D42      39C      218       0
                text26                             19D8     19D8       C6      218       0
                text25                              430      430      4C2      218       0
                text24                             1E86     1E86       48      218       0
                text23                             21BE     21BE       36      218       0
                text22                             2188     2188       36      218       0
                text21                             2152     2152       36      218       0
                text20                             211C     211C       36      218       0
                text19                              8F2      8F2      450      218       0
                text18                             17CA     17CA      108      218       0
                text17                             1500     1500      1B8      218       0
                text16                             1C34     1C34       72      218       0
                text15                             1E2E     1E2E       58      218       0
                text14                             10DE     10DE      212      218       0
                text13                             2252     2252       28      218       0
                text12                             1B4C     1B4C       76      218       0
                text11                             1CA6     1CA6       6C      218       0
                text10                             23C0     23C0       1A      218       0
                text9                              24EA     24EA        C     126F       0
                text8                              1ECE     1ECE       46      218       0
                text7                              23A6     23A6       1A      218       0
                text6                              238C     238C       1A      218       0
                text5                              24DE     24DE        C     126F       0
                text4                              227A     227A       26      218       0
                text3                              1F5A     1F5A       44      218       0
                text2                              16B8     16B8      112      218       0
                text1                              1DD6     1DD6       58      218       0
                text0                              12F0     12F0      210      218       0
                cstackCOMRAM                          1        1       27        1       1
                cstackBANK0                          60       60       5A       60       1
                cstackBANK1                         100      100       16      100       1
                dataBANK0                            DE       DE       11       60       1
                bssBANK0                             BA       BA       24       60       1
                dataCOMRAM                           38       38        5        1       1
                bssCOMRAM                            30       30        8        1       1
                cinit                              1BC2     1BC2       72      218       0
                nvCOMRAM                             28       28        8        1       1
                idataBANK0                         24CC     24CC       11      218       0
                idataCOMRAM                        252A     252A        5     126F       0

TOTAL           Name                               Link     Load   Length     Space
        CLASS   STACK          

        CLASS   CODE           
                init                                 1C       1C        4         0
                reset_vec                             0        0        4         0
                ivt0x8                                8        8       14         0
                text63                             2226     2226       2C         0
                text62                             230E     230E       24         0
                text61                             1D12     1D12       64         0
                text60                             24B4     24B4       18         0
                text59                             2502     2502        C         0
                text58                             20DE     20DE       3E         0
                text57                             249C     249C       18         0
                text56                             2484     2484       18         0
                text55                             24F6     24F6        C         0
                text54                             22A0     22A0       26         0
                text53                             2060     2060       40         0
                text52                             18D2     18D2      106         0
                text51                             1F14     1F14       46         0
                text50                             2530     2530        2         0
                text49                             1F9E     1F9E       42         0
                text48                             1D76     1D76       60         0
                text47                             22EA     22EA       24         0
                text46                             2020     2020       40         0
                text45                             246C     246C       18         0
                text44                             2370     2370       1C         0
                text43                             2332     2332       22         0
                text42                             2522     2522        8         0
                text41                             2454     2454       18         0
                text40                             2518     2518        A         0
                text39                             1A9E     1A9E       AE         0
                text38                             22C6     22C6       24         0
                text37                             243C     243C       18         0
                text36                             2424     2424       18         0
                text35                             240C     240C       18         0
                text34                             23F4     23F4       18         0
                text33                             23DA     23DA       1A         0
                text32                             21F4     21F4       32         0
                text31                             2354     2354       1C         0
                text30                             250E     250E        A         0
                text29                             1FE0     1FE0       40         0
                text28                             20A0     20A0       3E         0
                text27                              D42      D42      39C         0
                text26                             19D8     19D8       C6         0
                text25                              430      430      4C2         0
                text24                             1E86     1E86       48         0
                text23                             21BE     21BE       36         0
                text22                             2188     2188       36         0
                text21                             2152     2152       36         0
                text20                             211C     211C       36         0
                text19                              8F2      8F2      450         0
                text18                             17CA     17CA      108         0
                text17                             1500     1500      1B8         0
                text16                             1C34     1C34       72         0
                text15                             1E2E     1E2E       58         0
                text14                             10DE     10DE      212         0
                text13                             2252     2252       28         0
                text12                             1B4C     1B4C       76         0
                text11                             1CA6     1CA6       6C         0
                text10                             23C0     23C0       1A         0
                text9                              24EA     24EA        C         0
                text8                              1ECE     1ECE       46         0
                text7                              23A6     23A6       1A         0
                text6                              238C     238C       1A         0
                text5                              24DE     24DE        C         0
                text4                              227A     227A       26         0
                text3                              1F5A     1F5A       44         0
                text2                              16B8     16B8      112         0
                text1                              1DD6     1DD6       58         0
                text0                              12F0     12F0      210         0
                cinit                              1BC2     1BC2       72         0
                idataBANK0                         24CC     24CC       11         0
                idataCOMRAM                        252A     252A        5         0

        CLASS   CONST          

        CLASS   SMALLCONST     
                smallconst                          400      400       30         0

        CLASS   MEDIUMCONST    

        CLASS   COMRAM         
                cstackCOMRAM                          1        1       27         1
                dataCOMRAM                           38       38        5         1
                bssCOMRAM                            30       30        8         1
                nvCOMRAM                             28       28        8         1

        CLASS   ABS1           

        CLASS   BIGRAM         

        CLASS   RAM            

        CLASS   BANK0          
                cstackBANK0                          60       60       5A         1
                dataBANK0                            DE       DE       11         1
                bssBANK0                             BA       BA       24         1

        CLASS   BANK1          
                cstackBANK1                         100      100       16         1

        CLASS   BANK2          

        CLASS   BANK3          

        CLASS   SFR            

        CLASS   CONFIG         
                config                           300000   300000        A         4

        CLASS   IDLOC          
                idloc                            200000   200000       10         5

        CLASS   EEDATA         

        CLASS   FARRAM         



SEGMENTS        Name                           Load    Length   Top    Selector   Space  Class

                reset_vec                      000000  000004  000004         0       0  CODE    
                cstackCOMRAM                   000001  00003C  00003D         1       1  COMRAM  
                ivt0x8                         000008  000018  000020         4       0  CODE    
                cstackBANK0                    000060  00008F  0000EF        60       1  BANK0   
                cstackBANK1                    000100  000016  000116       100       1  BANK1   
                smallconst                     000400  000030  000430       200       0  SMALLCON
                text25                         000430  0020AD  0024DD       218       0  CODE    
                text5                          0024DE  000051  00252F      126F       0  CODE    
                text50                         002530  000002  002532      1298       0  CODE    


UNUSED ADDRESS RANGES

        Name                Unused          Largest block    Delta
        BANK0            0000EF-0000FF               11
        BANK1            000116-0001FF               EA
        BANK2            000200-0002FF              100
        BANK3            000300-0003FF              100
        BIGRAM           00003D-00005F               23
                         0000EF-0000FF               11
                         000116-0003FF              2EA
        CODE             000004-000007                4
                         000020-0003FF              3E0
                         0024DD-0024DD                1
                         00252F-00252F                1
                         002532-003FFF             1ACE
        COMRAM           00003D-00005F               23
        CONST            000004-000007                4
                         000020-0003FF              3E0
                         0024DD-0024DD                1
                         00252F-00252F                1
                         002532-003FFF             1ACE
        EEDATA           310000-3100FF              100
        MEDIUMCONST      0024DD-0024DD                1
                         00252F-00252F                1
                         002532-003FFF             1ACE
        RAM              0000EF-0000FF               11
                         000116-0003FF              100
        SFR              003800-003FFF              100
        SMALLCONST       0024DD-0024DD                1
                         00252F-00252F                1
                         002532-003FFF              100
        STACK            000116-0003FF              2EA

                                  Symbol Table

?___awdiv                                   cstackCOMRAM 000024
?___fladd                                   cstackBANK0  000060
?___fldiv                                   cstackBANK0  000072
?___flmul                                   cstackBANK0  000072
?___flsub                                   cstackBANK0  00006C
?___fltol                                   cstackBANK0  00008B
?___xxtofl                                  cstackBANK0  000064
IOCBF1_SetInterruptHandler@InterruptHandler cstackCOMRAM 000024
IVTBASEH                                    (abs)        003FD6
IVTBASEL                                    (abs)        003FD5
IVTBASEU                                    (abs)        003FD7
NRF24_clear_RX_DR@c                         cstackBANK0  000064
NRF24_getStat@stat                          cstackBANK0  000062
NRF24_readPLD@i                             cstackBANK0  000060
NRF24_readPLD@pld                           cstackCOMRAM 000025
NRF24_readPLD@width                         cstackCOMRAM 000027
NRF24_readReg@block                         cstackCOMRAM 000025
NRF24_readReg@j                             cstackBANK0  000061
NRF24_readReg@reg                           cstackBANK0  000060
NRF24_readReg@width                         cstackCOMRAM 000027
NRF24_writeReg@i                            cstackBANK0  000063
NRF24_writeReg@reg                          cstackBANK0  000062
NRF24_writeReg@value                        cstackCOMRAM 000025
NRF24_writeReg@width                        cstackCOMRAM 000027
PWM5_LoadDutyValue@dutyValue                cstackBANK0  000095
PWM6_LoadDutyValue@dutyValue                cstackBANK0  000095
PWM7_LoadDutyValue@dutyValue                cstackBANK0  000095
PWM8_LoadDutyValue@dutyValue                cstackBANK0  000095
SPI1_ExchangeByte@data                      cstackCOMRAM 000024
TMR3_SetInterruptHandler@InterruptHandler   cstackCOMRAM 000024
TMR3_WriteTimer@timerVal                    cstackCOMRAM 000001
_ACTIVATE_CODE                              smallconst   00042D
_ANSELA                                     (abs)        003A40
_ANSELB                                     (abs)        003A50
_ANSELC                                     (abs)        003A60
_CCP1CON                                    (abs)        003F7E
_CCP1CONbits                                (abs)        003F7E
_CCP1_Initialize                            text45       00246C
_CCP2CAP                                    (abs)        003F7B
_CCP2CON                                    (abs)        003F7A
_CCP2PPS                                    (abs)        003ACE
_CCP2_Initialize                            text44       002370
_CCPR1H                                     (abs)        003F7D
_CCPR1L                                     (abs)        003F7C
_CCPR2H                                     (abs)        003F79
_CCPR2L                                     (abs)        003F78
_CCPTMRS0bits                               (abs)        003F5E
_CCPTMRS1bits                               (abs)        003F5F
_I2C1CLK                                    (abs)        003D7B
_I2C1CNT                                    (abs)        003D6C
_I2C1CON0                                   (abs)        003D73
_I2C1CON0bits                               (abs)        003D73
_I2C1CON1                                   (abs)        003D74
_I2C1CON1bits                               (abs)        003D74
_I2C1CON2                                   (abs)        003D75
_I2C1ERR                                    (abs)        003D76
_I2C1ERRbits                                (abs)        003D76
_I2C1PIE                                    (abs)        003D7A
_I2C1PIEbits                                (abs)        003D7A
_I2C1PIR                                    (abs)        003D79
_I2C1PIRbits                                (abs)        003D79
_I2C1RXB                                    (abs)        003D6A
_I2C1SCLPPS                                 (abs)        003AE1
_I2C1SDAPPS                                 (abs)        003AE2
_I2C1STAT1bits                              (abs)        003D78
_I2C1TXB                                    (abs)        003D6B
_I2C1_CallbackReturnReset                   (abs)        000000
_I2C1_CallbackReturnStop                    (abs)        000000
_I2C1_DO_ADDRESS_NACK                       (abs)        000000
_I2C1_DO_BUS_COLLISION                      (abs)        000000
_I2C1_DO_BUS_ERROR                          (abs)        000000
_I2C1_DO_IDLE                               (abs)        000000
_I2C1_DO_RESET                              (abs)        000000
_I2C1_DO_RX                                 (abs)        000000
_I2C1_DO_RX_ACK                             (abs)        000000
_I2C1_DO_RX_EMPTY                           (abs)        000000
_I2C1_DO_RX_NACK_RESTART                    (abs)        000000
_I2C1_DO_RX_NACK_STOP                       (abs)        000000
_I2C1_DO_SEND_ADR_READ                      (abs)        000000
_I2C1_DO_SEND_ADR_WRITE                     (abs)        000000
_I2C1_DO_SEND_RESTART                       (abs)        000000
_I2C1_DO_SEND_RESTART_READ                  (abs)        000000
_I2C1_DO_SEND_RESTART_WRITE                 (abs)        000000
_I2C1_DO_SEND_STOP                          (abs)        000000
_I2C1_DO_TX                                 (abs)        000000
_I2C1_DO_TX_ACK                             (abs)        000000
_I2C1_DO_TX_EMPTY                           (abs)        000000
_I2C1_Initialize                            text43       002332
_I2C1_Status                                bssBANK0     0000BA
_INLVLA                                     (abs)        003A44
_INLVLB                                     (abs)        003A54
_INLVLC                                     (abs)        003A64
_INLVLE                                     (abs)        003A84
_INTCON0bits                                (abs)        003FD2
_INTERRUPT_Initialize                       text42       002522
_INTERRUPT_InterruptManagerLow              text48       001D76
_IOCBF1_DefaultInterruptHandler             (abs)        000000
_IOCBF1_InterruptHandler                    nvCOMRAM     00002A
_IOCBF1_SetInterruptHandler                 text40       002518
_IOCBFbits                                  (abs)        003A57
_IOCBNbits                                  (abs)        003A56
_IOCBPbits                                  (abs)        003A55
_IPR6bits                                   (abs)        003986
_LATA                                       (abs)        003FBA
_LATB                                       (abs)        003FBB
_LATBbits                                   (abs)        003FBB
_LATC                                       (abs)        003FBC
_LATCbits                                   (abs)        003FBC
_NRF24_clear_RX_DR                          text10       0023C0
_NRF24_flushRX                              text9        0024EA
_NRF24_flushTX                              text5        0024DE
_NRF24_getStat                              text7        0023A6
_NRF24_readPLD                              text46       002020
_NRF24_readReg                              text8        001ECE
_NRF24_writeReg                             text11       001CA6
_ODCONA                                     (abs)        003A42
_ODCONB                                     (abs)        003A52
_ODCONC                                     (abs)        003A62
_OSCCON1                                    (abs)        0039D9
_OSCCON3                                    (abs)        0039DB
_OSCEN                                      (abs)        0039DD
_OSCFRQ                                     (abs)        0039DF
_OSCILLATOR_Initialize                      text41       002454
_OSCTUNE                                    (abs)        0039DE
_PIE2bits                                   (abs)        003992
_PIE3bits                                   (abs)        003993
_PIE6bits                                   (abs)        003996
_PIN_MANAGER_Initialize                     text39       001A9E
_PIR2bits                                   (abs)        0039A2
_PIR3bits                                   (abs)        0039A3
_PIR4bits                                   (abs)        0039A4
_PIR6bits                                   (abs)        0039A6
_PIR7bits                                   (abs)        0039A7
_PMD0                                       (abs)        0039C0
_PMD1                                       (abs)        0039C1
_PMD2                                       (abs)        0039C2
_PMD3                                       (abs)        0039C3
_PMD4                                       (abs)        0039C4
_PMD5                                       (abs)        0039C5
_PMD6                                       (abs)        0039C6
_PMD7                                       (abs)        0039C7
_PMD_Initialize                             text38       0022C6
_PORTBbits                                  (abs)        003FCB
_PR2                                        (abs)        003FAB
_PWM5CON                                    (abs)        003F6E
_PWM5DCH                                    (abs)        003F6D
_PWM5DCL                                    (abs)        003F6C
_PWM5_Initialize                            text37       00243C
_PWM5_LoadDutyValue                         text22       002188
_PWM6CON                                    (abs)        003F6A
_PWM6DCH                                    (abs)        003F69
_PWM6DCL                                    (abs)        003F68
_PWM6_Initialize                            text36       002424
_PWM6_LoadDutyValue                         text21       002152
_PWM7CON                                    (abs)        003F66
_PWM7DCH                                    (abs)        003F65
_PWM7DCL                                    (abs)        003F64
_PWM7_Initialize                            text35       00240C
_PWM7_LoadDutyValue                         text20       00211C
_PWM8CON                                    (abs)        003F62
_PWM8DCH                                    (abs)        003F61
_PWM8DCL                                    (abs)        003F60
_PWM8_Initialize                            text34       0023F4
_PWM8_LoadDutyValue                         text23       0021BE
_RB1I2C                                     (abs)        003A5A
_RB2I2C                                     (abs)        003A5B
_RB2PPS                                     (abs)        003A0A
_RB3PPS                                     (abs)        003A0B
_RB4PPS                                     (abs)        003A0C
_RC0PPS                                     (abs)        003A10
_RC1PPS                                     (abs)        003A11
_RC2PPS                                     (abs)        003A12
_RC3I2C                                     (abs)        003A6A
_RC3PPS                                     (abs)        003A13
_RC4I2C                                     (abs)        003A6B
_RC4PPS                                     (abs)        003A14
_RC6PPS                                     (abs)        003A16
_SLRCONA                                    (abs)        003A43
_SLRCONB                                    (abs)        003A53
_SLRCONC                                    (abs)        003A63
_SPI1BAUD                                   (abs)        003D19
_SPI1CLK                                    (abs)        003D1C
_SPI1CON0                                   (abs)        003D14
_SPI1CON0bits                               (abs)        003D14
_SPI1CON1                                   (abs)        003D15
_SPI1CON2                                   (abs)        003D16
_SPI1RXB                                    (abs)        003D10
_SPI1SCKPPS                                 (abs)        003ADE
_SPI1SDIPPS                                 (abs)        003ADF
_SPI1TCNTL                                  (abs)        003D12
_SPI1TXB                                    (abs)        003D11
_SPI1_ExchangeByte                          text47       0022EA
_SPI1_Initialize                            text33       0023DA
_SYSTEM_Initialize                          text28       0020A0
_T1CLK                                      (abs)        003FB5
_T1CON                                      (abs)        003FB2
_T1CONbits                                  (abs)        003FB2
_T1GATE                                     (abs)        003FB4
_T1GCON                                     (abs)        003FB3
_T1GCONbits                                 (abs)        003FB3
_T2CLKCON                                   (abs)        003FAE
_T2CON                                      (abs)        003FAC
_T2CONbits                                  (abs)        003FAC
_T2HLT                                      (abs)        003FAD
_T2HLTbits                                  (abs)        003FAD
_T2PR                                       (abs)        003FAB
_T2RST                                      (abs)        003FAF
_T2RSTbits                                  (abs)        003FAF
_T2TMR                                      (abs)        003FAA
_T3CLK                                      (abs)        003FA9
_T3CON                                      (abs)        003FA6
_T3CONbits                                  (abs)        003FA6
_T3GATE                                     (abs)        003FA8
_T3GCON                                     (abs)        003FA7
_T3GCONbits                                 (abs)        003FA7
_TMR1H                                      (abs)        003FB1
_TMR1L                                      (abs)        003FB0
_TMR1_Initialize                            text32       0021F4
_TMR2                                       (abs)        003FAA
_TMR2_Initialize                            text31       002354
_TMR3H                                      (abs)        003FA5
_TMR3L                                      (abs)        003FA4
_TMR3_DefaultInterruptHandler               text50       002530
_TMR3_ISR                                   text49       001F9E
_TMR3_Initialize                            text29       001FE0
_TMR3_InterruptHandler                      nvCOMRAM     00002C
_TMR3_SetInterruptHandler                   text30       00250E
_TMR3_WriteTimer                            text63       002226
_TRISA                                      (abs)        003FC2
_TRISB                                      (abs)        003FC3
_TRISC                                      (abs)        003FC4
_TRISCbits                                  (abs)        003FC4
_WPUA                                       (abs)        003A41
_WPUB                                       (abs)        003A51
_WPUC                                       (abs)        003A61
_WPUE                                       (abs)        003A81
__HRAM                                      (abs)        000000
__Habs1                                     abs1         000000
__Hbank0                                    bank0        000000
__Hbank1                                    bank1        000000
__Hbank2                                    bank2        000000
__Hbank3                                    bank3        000000
__Hbigbss                                   bigbss       000000
__Hbigdata                                  bigdata      000000
__Hbigram                                   bigram       000000
__Hbss                                      bss          000000
__HbssBANK0                                 bssBANK0     000000
__HbssCOMRAM                                bssCOMRAM    000000
__Hcinit                                    cinit        000000
__Hclrtext                                  clrtext      000000
__Hcomram                                   comram       000000
__Hconfig                                   config       30000A
__Hconst                                    const        000000
__HcstackBANK0                              cstackBANK0  000000
__HcstackBANK1                              cstackBANK1  000000
__HcstackCOMRAM                             cstackCOMRAM 000000
__Hdata                                     data         000000
__HdataBANK0                                dataBANK0    000000
__HdataCOMRAM                               dataCOMRAM   000000
__Heeprom_data                              eeprom_data  000000
__Hfarbss                                   farbss       000000
__Hfardata                                  fardata      000000
__Hibigdata                                 ibigdata     000000
__Hidata                                    idata        000000
__HidataBANK0                               idataBANK0   000000
__HidataCOMRAM                              idataCOMRAM  000000
__Hidloc                                    idloc        200010
__Hifardata                                 ifardata     000000
__Hinit                                     init         000020
__Hintsave_regs                             intsave_regs 000000
__Hirdata                                   irdata       000000
__Hivt0x8                                   ivt0x8       00001C
__Hmediumconst                              mediumconst  000000
__HnvCOMRAM                                 nvCOMRAM     000000
__HnvFARRAM                                 nvFARRAM     000000
__Hnvbit                                    nvbit        000000
__Hnvrram                                   nvrram       000000
__Hparam                                    rparam       000000
__Hpowerup                                  powerup      000000
__Hram                                      ram          000000
__Hramtop                                   ramtop       000400
__Hrbit                                     rbit         000000
__Hrbss                                     rbss         000000
__Hrdata                                    rdata        000000
__Hreset_vec                                reset_vec    000004
__Hrparam                                   rparam       000000
__Hsfr                                      sfr          000000
__Hsmallconst                               smallconst   000430
__Hspace_0                                  (abs)        002532
__Hspace_1                                  (abs)        000116
__Hspace_2                                  (abs)        000000
__Hspace_4                                  (abs)        60000A
__Hstack                                    stack        000000
__Hstruct                                   struct       000000
__Htemp                                     temp         000000
__Htext                                     text         000000
__Htext0                                    text0        000000
__Htext1                                    text1        000000
__Htext10                                   text10       000000
__Htext11                                   text11       000000
__Htext12                                   text12       000000
__Htext13                                   text13       000000
__Htext14                                   text14       000000
__Htext15                                   text15       000000
__Htext16                                   text16       000000
__Htext17                                   text17       000000
__Htext18                                   text18       000000
__Htext19                                   text19       000000
__Htext2                                    text2        000000
__Htext20                                   text20       000000
__Htext21                                   text21       000000
__Htext22                                   text22       000000
__Htext23                                   text23       000000
__Htext24                                   text24       000000
__Htext25                                   text25       000000
__Htext26                                   text26       000000
__Htext27                                   text27       000000
__Htext28                                   text28       000000
__Htext29                                   text29       000000
__Htext3                                    text3        000000
__Htext30                                   text30       000000
__Htext31                                   text31       000000
__Htext32                                   text32       000000
__Htext33                                   text33       000000
__Htext34                                   text34       000000
__Htext35                                   text35       000000
__Htext36                                   text36       000000
__Htext37                                   text37       000000
__Htext38                                   text38       000000
__Htext39                                   text39       000000
__Htext4                                    text4        000000
__Htext40                                   text40       000000
__Htext41                                   text41       000000
__Htext42                                   text42       000000
__Htext43                                   text43       000000
__Htext44                                   text44       000000
__Htext45                                   text45       000000
__Htext46                                   text46       000000
__Htext47                                   text47       000000
__Htext48                                   text48       000000
__Htext49                                   text49       000000
__Htext5                                    text5        000000
__Htext50                                   text50       000000
__Htext51                                   text51       000000
__Htext52                                   text52       000000
__Htext53                                   text53       000000
__Htext54                                   text54       000000
__Htext55                                   text55       000000
__Htext56                                   text56       000000
__Htext57                                   text57       000000
__Htext58                                   text58       000000
__Htext59                                   text59       000000
__Htext6                                    text6        000000
__Htext60                                   text60       000000
__Htext61                                   text61       000000
__Htext62                                   text62       000000
__Htext63                                   text63       000000
__Htext64                                   text64       000000
__Htext7                                    text7        000000
__Htext8                                    text8        000000
__Htext9                                    text9        000000
__LRAM                                      (abs)        000001
__Labs1                                     abs1         000000
__Lbank0                                    bank0        000000
__Lbank1                                    bank1        000000
__Lbank2                                    bank2        000000
__Lbank3                                    bank3        000000
__Lbigbss                                   bigbss       000000
__Lbigdata                                  bigdata      000000
__Lbigram                                   bigram       000000
__Lbss                                      bss          000000
__LbssBANK0                                 bssBANK0     000000
__LbssCOMRAM                                bssCOMRAM    000000
__Lcinit                                    cinit        000000
__Lclrtext                                  clrtext      000000
__Lcomram                                   comram       000000
__Lconfig                                   config       000000
__Lconst                                    const        000000
__LcstackBANK0                              cstackBANK0  000000
__LcstackBANK1                              cstackBANK1  000000
__LcstackCOMRAM                             cstackCOMRAM 000000
__Ldata                                     data         000000
__LdataBANK0                                dataBANK0    000000
__LdataCOMRAM                               dataCOMRAM   000000
__Leeprom_data                              eeprom_data  000000
__Lfarbss                                   farbss       000000
__Lfardata                                  fardata      000000
__Libigdata                                 ibigdata     000000
__Lidata                                    idata        000000
__LidataBANK0                               idataBANK0   000000
__LidataCOMRAM                              idataCOMRAM  000000
__Lidloc                                    idloc        000000
__Lifardata                                 ifardata     000000
__Linit                                     init         00001C
__Lintsave_regs                             intsave_regs 000000
__Lirdata                                   irdata       000000
__Livt0x8                                   ivt0x8       000008
__Lmediumconst                              mediumconst  000000
__LnvCOMRAM                                 nvCOMRAM     000000
__LnvFARRAM                                 nvFARRAM     000000
__Lnvbit                                    nvbit        000000
__Lnvrram                                   nvrram       000000
__Lparam                                    rparam       000000
__Lpowerup                                  powerup      000000
__Lram                                      ram          000000
__Lramtop                                   ramtop       000400
__Lrbit                                     rbit         000000
__Lrbss                                     rbss         000000
__Lrdata                                    rdata        000000
__Lreset_vec                                reset_vec    000000
__Lrparam                                   rparam       000000
__Lsfr                                      sfr          000000
__Lsmallconst                               smallconst   000400
__Lspace_0                                  (abs)        000000
__Lspace_1                                  (abs)        000000
__Lspace_2                                  (abs)        000000
__Lspace_4                                  (abs)        000000
__Lstack                                    stack        000000
__Lstruct                                   struct       000000
__Ltemp                                     temp         000000
__Ltext                                     text         000000
__Ltext0                                    text0        000000
__Ltext1                                    text1        000000
__Ltext10                                   text10       000000
__Ltext11                                   text11       000000
__Ltext12                                   text12       000000
__Ltext13                                   text13       000000
__Ltext14                                   text14       000000
__Ltext15                                   text15       000000
__Ltext16                                   text16       000000
__Ltext17                                   text17       000000
__Ltext18                                   text18       000000
__Ltext19                                   text19       000000
__Ltext2                                    text2        000000
__Ltext20                                   text20       000000
__Ltext21                                   text21       000000
__Ltext22                                   text22       000000
__Ltext23                                   text23       000000
__Ltext24                                   text24       000000
__Ltext25                                   text25       000000
__Ltext26                                   text26       000000
__Ltext27                                   text27       000000
__Ltext28                                   text28       000000
__Ltext29                                   text29       000000
__Ltext3                                    text3        000000
__Ltext30                                   text30       000000
__Ltext31                                   text31       000000
__Ltext32                                   text32       000000
__Ltext33                                   text33       000000
__Ltext34                                   text34       000000
__Ltext35                                   text35       000000
__Ltext36                                   text36       000000
__Ltext37                                   text37       000000
__Ltext38                                   text38       000000
__Ltext39                                   text39       000000
__Ltext4                                    text4        000000
__Ltext40                                   text40       000000
__Ltext41                                   text41       000000
__Ltext42                                   text42       000000
__Ltext43                                   text43       000000
__Ltext44                                   text44       000000
__Ltext45                                   text45       000000
__Ltext46                                   text46       000000
__Ltext47                                   text47       000000
__Ltext48                                   text48       000000
__Ltext49                                   text49       000000
__Ltext5                                    text5        000000
__Ltext50                                   text50       000000
__Ltext51                                   text51       000000
__Ltext52                                   text52       000000
__Ltext53                                   text53       000000
__Ltext54                                   text54       000000
__Ltext55                                   text55       000000
__Ltext56                                   text56       000000
__Ltext57                                   text57       000000
__Ltext58                                   text58       000000
__Ltext59                                   text59       000000
__Ltext6                                    text6        000000
__Ltext60                                   text60       000000
__Ltext61                                   text61       000000
__Ltext62                                   text62       000000
__Ltext63                                   text63       000000
__Ltext64                                   text64       000000
__Ltext7                                    text7        000000
__Ltext8                                    text8        000000
__Ltext9                                    text9        000000
__S0                                        (abs)        002532
__S1                                        (abs)        000116
__S2                                        (abs)        000000
__S4                                        (abs)        000000
__S5                                        (abs)        000000
___awdiv                                    text26       0019D8
___awdiv@counter                            cstackBANK0  000060
___awdiv@dividend                           cstackCOMRAM 000024
___awdiv@divisor                            cstackCOMRAM 000026
___awdiv@quotient                           cstackBANK0  000062
___awdiv@sign                               cstackBANK0  000061
___fladd                                    text25       000430
___fladd@a                                  cstackBANK0  000064
___fladd@aexp                               cstackBANK0  000069
___fladd@b                                  cstackBANK0  000060
___fladd@bexp                               cstackBANK0  00006A
___fladd@grs                                cstackBANK0  00006B
___fladd@signs                              cstackBANK0  000068
___fldiv                                    text27       000D42
___fldiv@a                                  cstackBANK0  000076
___fldiv@aexp                               cstackBANK0  00008A
___fldiv@b                                  cstackBANK0  000072
___fldiv@bexp                               cstackBANK0  000089
___fldiv@grs                                cstackBANK0  000085
___fldiv@new_exp                            cstackBANK0  000083
___fldiv@rem                                cstackBANK0  00007E
___fldiv@sign                               cstackBANK0  000082
___flmul                                    text19       0008F2
___flmul@a                                  cstackBANK0  000076
___flmul@aexp                               cstackBANK0  00007F
___flmul@b                                  cstackBANK0  000072
___flmul@bexp                               cstackBANK0  000084
___flmul@grs                                cstackBANK0  000080
___flmul@prod                               cstackBANK0  000085
___flmul@sign                               cstackBANK0  00007E
___flmul@temp                               cstackBANK0  000089
___flsub                                    text24       001E86
___flsub@a                                  cstackBANK0  000070
___flsub@b                                  cstackBANK0  00006C
___fltol                                    text18       0017CA
___fltol@exp1                               cstackBANK0  000094
___fltol@f1                                 cstackBANK0  00008B
___fltol@sign1                              cstackBANK0  000093
___inthi_sp                                 stack        000000
___intlo_sp                                 stack        000000
___param_bank                               (abs)        000000
___rparam_used                              (abs)        000001
___sp                                       stack        000000
___xxtofl                                   text17       001500
___xxtofl@arg                               cstackBANK0  00006E
___xxtofl@exp                               cstackBANK0  00006D
___xxtofl@sign                              cstackBANK0  00006C
___xxtofl@val                               cstackBANK0  000064
__accesstop                                 (abs)        000060
__activetblptr                              (abs)        000002
__end_ofNRF24_Send@MAX_TX_ATTEMPT_COUNT     smallconst   00042D
__end_of_ACTIVATE_CODE                      smallconst   00042E
__end_of_CCP1_Initialize                    text45       002484
__end_of_CCP2_Initialize                    text44       00238C
__end_of_I2C1_Initialize                    text43       002354
__end_of_INTERRUPT_Initialize               text42       00252A
__end_of_INTERRUPT_InterruptManagerLow      text48       001DD6
__end_of_IOCBF1_SetInterruptHandler         text40       002522
__end_of_NRF24_clear_RX_DR                  text10       0023DA
__end_of_NRF24_flushRX                      text9        0024F6
__end_of_NRF24_flushTX                      text5        0024EA
__end_of_NRF24_getStat                      text7        0023C0
__end_of_NRF24_readPLD                      text46       002060
__end_of_NRF24_readReg                      text8        001F14
__end_of_NRF24_writeReg                     text11       001D12
__end_of_OSCILLATOR_Initialize              text41       00246C
__end_of_PIN_MANAGER_Initialize             text39       001B4C
__end_of_PMD_Initialize                     text38       0022EA
__end_of_PWM5_Initialize                    text37       002454
__end_of_PWM5_LoadDutyValue                 text22       0021BE
__end_of_PWM6_Initialize                    text36       00243C
__end_of_PWM6_LoadDutyValue                 text21       002188
__end_of_PWM7_Initialize                    text35       002424
__end_of_PWM7_LoadDutyValue                 text20       002152
__end_of_PWM8_Initialize                    text34       00240C
__end_of_PWM8_LoadDutyValue                 text23       0021F4
__end_of_SPI1_ExchangeByte                  text47       00230E
__end_of_SPI1_Initialize                    text33       0023F4
__end_of_SYSTEM_Initialize                  text28       0020DE
__end_of_TMR1_Initialize                    text32       002226
__end_of_TMR2_Initialize                    text31       002370
__end_of_TMR3_DefaultInterruptHandler       text50       002532
__end_of_TMR3_ISR                           text49       001FE0
__end_of_TMR3_Initialize                    text29       002020
__end_of_TMR3_SetInterruptHandler           text30       002518
__end_of_TMR3_WriteTimer                    text63       002252
__end_of___awdiv                            text26       001A9E
__end_of___fladd                            text25       0008F2
__end_of___fldiv                            text27       0010DE
__end_of___flmul                            text19       000D42
__end_of___flsub                            text24       001ECE
__end_of___fltol                            text18       0018D2
__end_of___xxtofl                           text17       0016B8
__end_of__initialization                    cinit        001C2A
__end_of_check_comm                         text51       001F5A
__end_of_hover                              text14       0012F0
__end_of_i2c1_fsmStateTable                 smallconst   000427
__end_of_main                               text0        001500
__end_of_read                               text13       00227A
__end_of_read_axises                        text12       001BC2
__end_of_receiveMode                        text6        0023A6
__end_of_set_motor                          text16       001CA6
__end_of_set_motors                         text15       001E86
__end_of_setuptrans                         text2        0017CA
__end_of_spi1_configuration                 smallconst   00042C
__end_of_target                             text4        0022A0
__end_of_transmitMode                       text3        001F9E
__end_of_zero_motors                        text1        001E2E
__end_ofi1_NRF24_clear_RX_DR                text60       0024CC
__end_ofi1_NRF24_flushRX                    text59       00250E
__end_ofi1_NRF24_flushTX                    text55       002502
__end_ofi1_NRF24_getStat                    text57       0024B4
__end_ofi1_NRF24_readReg                    text58       00211C
__end_ofi1_NRF24_writeReg                   text61       001D76
__end_ofi1_SPI1_ExchangeByte                text62       002332
__end_ofi1_receiveMode                      text56       00249C
__end_ofi1_setuptrans                       text52       0019D8
__end_ofi1_target                           text54       0022C6
__end_ofi1_transmitMode                     text53       0020A0
__initialization                            cinit        001BC2
__mediumconst                               mediumconst  000000
__pbssBANK0                                 bssBANK0     0000BA
__pbssCOMRAM                                bssCOMRAM    000030
__pcinit                                    cinit        001BC2
__pcstackBANK0                              cstackBANK0  000060
__pcstackBANK1                              cstackBANK1  000100
__pcstackCOMRAM                             cstackCOMRAM 000001
__pdataBANK0                                dataBANK0    0000DE
__pdataCOMRAM                               dataCOMRAM   000038
__pidataBANK0                               idataBANK0   0024CC
__pidataCOMRAM                              idataCOMRAM  00252A
__pivt0x8                                   ivt0x8       000008
__pnvCOMRAM                                 nvCOMRAM     000028
__psmallconst                               smallconst   000400
__ptext0                                    text0        0012F0
__ptext1                                    text1        001DD6
__ptext10                                   text10       0023C0
__ptext11                                   text11       001CA6
__ptext12                                   text12       001B4C
__ptext13                                   text13       002252
__ptext14                                   text14       0010DE
__ptext15                                   text15       001E2E
__ptext16                                   text16       001C34
__ptext17                                   text17       001500
__ptext18                                   text18       0017CA
__ptext19                                   text19       0008F2
__ptext2                                    text2        0016B8
__ptext20                                   text20       00211C
__ptext21                                   text21       002152
__ptext22                                   text22       002188
__ptext23                                   text23       0021BE
__ptext24                                   text24       001E86
__ptext25                                   text25       000430
__ptext26                                   text26       0019D8
__ptext27                                   text27       000D42
__ptext28                                   text28       0020A0
__ptext29                                   text29       001FE0
__ptext3                                    text3        001F5A
__ptext30                                   text30       00250E
__ptext31                                   text31       002354
__ptext32                                   text32       0021F4
__ptext33                                   text33       0023DA
__ptext34                                   text34       0023F4
__ptext35                                   text35       00240C
__ptext36                                   text36       002424
__ptext37                                   text37       00243C
__ptext38                                   text38       0022C6
__ptext39                                   text39       001A9E
__ptext4                                    text4        00227A
__ptext40                                   text40       002518
__ptext41                                   text41       002454
__ptext42                                   text42       002522
__ptext43                                   text43       002332
__ptext44                                   text44       002370
__ptext45                                   text45       00246C
__ptext46                                   text46       002020
__ptext47                                   text47       0022EA
__ptext48                                   text48       001D76
__ptext49                                   text49       001F9E
__ptext5                                    text5        0024DE
__ptext50                                   text50       002530
__ptext51                                   text51       001F14
__ptext52                                   text52       0018D2
__ptext53                                   text53       002060
__ptext54                                   text54       0022A0
__ptext55                                   text55       0024F6
__ptext56                                   text56       002484
__ptext57                                   text57       00249C
__ptext58                                   text58       0020DE
__ptext59                                   text59       002502
__ptext6                                    text6        00238C
__ptext60                                   text60       0024B4
__ptext61                                   text61       001D12
__ptext62                                   text62       00230E
__ptext63                                   text63       002226
__ptext64                                   text64       000000
__ptext7                                    text7        0023A6
__ptext8                                    text8        001ECE
__ptext9                                    text9        0024EA
__ramtop                                    ramtop       000400
__size_of_CCP1_Initialize                   (abs)        000000
__size_of_CCP2_Initialize                   (abs)        000000
__size_of_I2C1_Initialize                   (abs)        000000
__size_of_INTERRUPT_Initialize              (abs)        000000
__size_of_INTERRUPT_InterruptManagerLow     (abs)        000000
__size_of_IOCBF1_SetInterruptHandler        (abs)        000000
__size_of_NRF24_clear_RX_DR                 (abs)        000000
__size_of_NRF24_flushRX                     (abs)        000000
__size_of_NRF24_flushTX                     (abs)        000000
__size_of_NRF24_getStat                     (abs)        000000
__size_of_NRF24_readPLD                     (abs)        000000
__size_of_NRF24_readReg                     (abs)        000000
__size_of_NRF24_writeReg                    (abs)        000000
__size_of_OSCILLATOR_Initialize             (abs)        000000
__size_of_PIN_MANAGER_Initialize            (abs)        000000
__size_of_PMD_Initialize                    (abs)        000000
__size_of_PWM5_Initialize                   (abs)        000000
__size_of_PWM5_LoadDutyValue                (abs)        000000
__size_of_PWM6_Initialize                   (abs)        000000
__size_of_PWM6_LoadDutyValue                (abs)        000000
__size_of_PWM7_Initialize                   (abs)        000000
__size_of_PWM7_LoadDutyValue                (abs)        000000
__size_of_PWM8_Initialize                   (abs)        000000
__size_of_PWM8_LoadDutyValue                (abs)        000000
__size_of_SPI1_ExchangeByte                 (abs)        000000
__size_of_SPI1_Initialize                   (abs)        000000
__size_of_SYSTEM_Initialize                 (abs)        000000
__size_of_TMR1_Initialize                   (abs)        000000
__size_of_TMR2_Initialize                   (abs)        000000
__size_of_TMR3_DefaultInterruptHandler      (abs)        000000
__size_of_TMR3_ISR                          (abs)        000000
__size_of_TMR3_Initialize                   (abs)        000000
__size_of_TMR3_SetInterruptHandler          (abs)        000000
__size_of_TMR3_WriteTimer                   (abs)        000000
__size_of___awdiv                           (abs)        000000
__size_of___fladd                           (abs)        000000
__size_of___fldiv                           (abs)        000000
__size_of___flmul                           (abs)        000000
__size_of___flsub                           (abs)        000000
__size_of___fltol                           (abs)        000000
__size_of___xxtofl                          (abs)        000000
__size_of_check_comm                        (abs)        000000
__size_of_hover                             (abs)        000000
__size_of_main                              (abs)        000000
__size_of_read                              (abs)        000000
__size_of_read_axises                       (abs)        000000
__size_of_receiveMode                       (abs)        000000
__size_of_set_motor                         (abs)        000000
__size_of_set_motors                        (abs)        000000
__size_of_setuptrans                        (abs)        000000
__size_of_target                            (abs)        000000
__size_of_transmitMode                      (abs)        000000
__size_of_zero_motors                       (abs)        000000
__size_ofi1_NRF24_clear_RX_DR               (abs)        000000
__size_ofi1_NRF24_flushRX                   (abs)        000000
__size_ofi1_NRF24_flushTX                   (abs)        000000
__size_ofi1_NRF24_getStat                   (abs)        000000
__size_ofi1_NRF24_readReg                   (abs)        000000
__size_ofi1_NRF24_writeReg                  (abs)        000000
__size_ofi1_SPI1_ExchangeByte               (abs)        000000
__size_ofi1_receiveMode                     (abs)        000000
__size_ofi1_setuptrans                      (abs)        000000
__size_ofi1_target                          (abs)        000000
__size_ofi1_transmitMode                    (abs)        000000
__smallconst                                smallconst   000400
_check_comm                                 text51       001F14
_conf                                       bssCOMRAM    000037
_drive                                      dataBANK0    0000EE
_hover                                      text14       0010DE
_hover$3595                                 cstackBANK0  0000AE
_i2c1_fsmStateTable                         smallconst   000401
_main                                       text0        0012F0
_main$3596                                  cstackBANK1  000111
_motors                                     dataBANK0    0000DE
_rd1RegCompleteHandler                      (abs)        000000
_rd2RegCompleteHandler                      (abs)        000000
_rdBlkRegCompleteHandler                    (abs)        000000
_read                                       text13       002252
_read_axises                                text12       001B4C
_receiveMode                                text6        00238C
_set_motor                                  text16       001C34
_set_motors                                 text15       001E2E
_setuptrans                                 text2        0016B8
_spi1_configuration                         smallconst   000427
_state                                      bssCOMRAM    000036
_streaming                                  bssCOMRAM    000035
_target                                     text4        00227A
_timer1ReloadVal                            nvCOMRAM     000028
_timer3ReloadVal                            nvCOMRAM     00002E
_transmitMode                               text3        001F5A
_wr1RegCompleteHandler                      (abs)        000000
_wr2RegCompleteHandler                      (abs)        000000
_zero_motors                                text1        001DD6
end_of_initialization                       cinit        001C2A
hover@axises                                cstackBANK0  0000A8
hover@bal                                   cstackBANK0  0000B2
hover@change                                cstackBANK0  0000B0
hover@i                                     cstackBANK0  0000B6
hover@ref                                   cstackBANK0  0000A6
i1NRF24_clear_RX_DR@c                       cstackCOMRAM 000009
i1NRF24_getStat@stat                        cstackCOMRAM 000007
i1NRF24_readReg@block                       cstackCOMRAM 000002
i1NRF24_readReg@j                           cstackCOMRAM 000006
i1NRF24_readReg@reg                         cstackCOMRAM 000005
i1NRF24_readReg@width                       cstackCOMRAM 000004
i1NRF24_writeReg@i                          cstackCOMRAM 000008
i1NRF24_writeReg@reg                        cstackCOMRAM 000007
i1NRF24_writeReg@value                      cstackCOMRAM 000002
i1NRF24_writeReg@width                      cstackCOMRAM 000004
i1SPI1_ExchangeByte@data                    cstackCOMRAM 000001
i1_NRF24_clear_RX_DR                        text60       0024B4
i1_NRF24_flushRX                            text59       002502
i1_NRF24_flushTX                            text55       0024F6
i1_NRF24_getStat                            text57       00249C
i1_NRF24_readReg                            text58       0020DE
i1_NRF24_writeReg                           text61       001D12
i1_SPI1_ExchangeByte                        text62       00230E
i1_receiveMode                              text56       002484
i1_setuptrans                               text52       0018D2
i1_target                                   text54       0022A0
i1_transmitMode                             text53       002060
i1receiveMode@setings                       cstackCOMRAM 000009
i1setuptrans@address                        cstackCOMRAM 000017
i1setuptrans@address_w                      cstackCOMRAM 000012
i1setuptrans@channel                        cstackCOMRAM 000013
i1setuptrans@one                            cstackCOMRAM 00001C
i1setuptrans@radioid                        cstackCOMRAM 000015
i1setuptrans@rfSettings                     cstackCOMRAM 000014
i1setuptrans@setup_value                    cstackCOMRAM 00001D
i1setuptrans@transmiter                     cstackCOMRAM 000016
i1target@address                            cstackCOMRAM 000009
i1target@addressWidth                       cstackCOMRAM 00000B
i1transmitMode@address                      cstackCOMRAM 00000C
i1transmitMode@setings                      cstackCOMRAM 000011
intlevel0                                   text         000000
intlevel1                                   text         000000
intlevel2                                   text         000000
intlevel3                                   text         000000
isa$std                                     (abs)        000001
isa$xinst                                   (abs)        000000
ivt0x8_base                                 ivt0x8       000008
main@axises                                 cstackBANK1  00010B
main@c                                      cstackBANK1  000106
main@hold                                   cstackBANK1  000100
main@i                                      cstackBANK1  000115
read@address                                cstackCOMRAM 000025
read@value                                  cstackCOMRAM 000026
read_axises@axises                          cstackBANK0  000064
read_axises@i                               cstackBANK0  00006A
receiveMode@setings                         cstackBANK0  000064
set_motor@m                                 cstackBANK0  000099
set_motor@value                             cstackBANK0  00009D
set_motors@i                                cstackBANK0  0000A5
set_motors@value                            cstackBANK0  0000A1
setuptrans@F15608                           bssCOMRAM    000030
setuptrans@address                          cstackBANK0  000072
setuptrans@address_w                        cstackBANK0  00006D
setuptrans@channel                          cstackBANK0  00006E
setuptrans@one                              cstackBANK0  000077
setuptrans@radioid                          cstackBANK0  000070
setuptrans@rfSettings                       cstackBANK0  00006F
setuptrans@setup_value                      cstackBANK0  000078
setuptrans@transmiter                       cstackBANK0  000071
stackhi                                     (abs)        0003FF
stacklo                                     (abs)        000116
start                                       init         00001C
start_initialization                        cinit        001BC2
target@address                              cstackBANK0  000064
target@addressWidth                         cstackBANK0  000066
transmitMode@F15616                         dataCOMRAM   000038
transmitMode@address                        cstackBANK0  000067
transmitMode@setings                        cstackBANK0  00006C
zero_motors@i                               cstackBANK0  0000A1


MODULE INFORMATION

Module		Function		Class		Link	Load	Size
C:\Program Files\Microchip\xc8\v2.32\pic\sources\c99\common\awdiv.c
		___awdiv       		CODE           	19D8	0000	198

C:\Program Files\Microchip\xc8\v2.32\pic\sources\c99\common\awdiv.c estimated size: 198

mcc_generated_files/ccp1.c
		_CCP1_Initialize		CODE           	246C	0000	24

mcc_generated_files/ccp1.c estimated size: 24

C:\Program Files\Microchip\xc8\v2.32\pic\sources\c99\common\sprcadd.c
		___flsub       		CODE           	1E86	0000	72
		___fladd       		CODE           	0430	0000	1218

C:\Program Files\Microchip\xc8\v2.32\pic\sources\c99\common\sprcadd.c estimated size: 1290

mcc_generated_files/pwm8.c
		_PWM8_LoadDutyValue		CODE           	21BE	0000	54
		_PWM8_Initialize		CODE           	23F4	0000	24

mcc_generated_files/pwm8.c estimated size: 78

mcc_generated_files/pwm6.c
		_PWM6_LoadDutyValue		CODE           	2152	0000	54
		_PWM6_Initialize		CODE           	2424	0000	24

mcc_generated_files/pwm6.c estimated size: 78

mcc_generated_files/i2c1_master.c
		_I2C1_Initialize		CODE           	2332	0000	34

mcc_generated_files/i2c1_master.c estimated size: 34

mcc_generated_files/tmr2.c
		_TMR2_Initialize		CODE           	2354	0000	28

mcc_generated_files/tmr2.c estimated size: 28

mcc_generated_files/interrupt_manager.c
		_INTERRUPT_Initialize		CODE           	2522	0000	8
		_INTERRUPT_InterruptManagerLow		CODE           	1D76	0000	96

mcc_generated_files/interrupt_manager.c estimated size: 104

nrf24mod.c
		_NRF24_readPLD 		CODE           	2020	0000	64
		_setuptrans    		CODE           	16B8	0000	274
		_NRF24_readReg 		CODE           	1ECE	0000	70
		_target        		CODE           	227A	0000	38
		_NRF24_clear_RX_DR		CODE           	23C0	0000	26
		_receiveMode   		CODE           	238C	0000	26
		_NRF24_getStat 		CODE           	23A6	0000	26
		_NRF24_writeReg		CODE           	1CA6	0000	108
		_NRF24_flushRX 		CODE           	24EA	0000	12
		_NRF24_flushTX 		CODE           	24DE	0000	12
		_transmitMode  		CODE           	1F5A	0000	68

nrf24mod.c estimated size: 724

mcc_generated_files/pin_manager.c
		_PIN_MANAGER_Initialize		CODE           	1A9E	0000	174
		_IOCBF1_SetInterruptHandler		CODE           	2518	0000	10

mcc_generated_files/pin_manager.c estimated size: 184

mcc_generated_files/spi1.c
		_SPI1_Initialize		CODE           	23DA	0000	26
		_SPI1_ExchangeByte		CODE           	22EA	0000	36

mcc_generated_files/spi1.c estimated size: 62

ADXL345.c
		_read          		CODE           	2252	0000	40
		_read_axises   		CODE           	1B4C	0000	118

ADXL345.c estimated size: 158

mcc_generated_files/ccp2.c
		_CCP2_Initialize		CODE           	2370	0000	28

mcc_generated_files/ccp2.c estimated size: 28

mcc_generated_files/pwm7.c
		_PWM7_LoadDutyValue		CODE           	211C	0000	54
		_PWM7_Initialize		CODE           	240C	0000	24

mcc_generated_files/pwm7.c estimated size: 78

shared
		i1_NRF24_clear_RX_DR		CODE           	24B4	0000	24
		_ACTIVATE_CODE 		SMALLCONST     	042D	0000	1
		NRF24_Send@MAX_TX_ATTEMPT_COUNT		SMALLCONST     	0000	0000	0
		i1_NRF24_writeReg		CODE           	1D12	0000	100
		i1_transmitMode		CODE           	2060	0000	64
		i1_receiveMode 		CODE           	2484	0000	24
		__initialization		CODE           	1BC2	0000	104
		i1_target      		CODE           	22A0	0000	38
		i1_NRF24_flushRX		CODE           	2502	0000	12
		i1_NRF24_flushTX		CODE           	24F6	0000	12
		i1_NRF24_readReg		CODE           	20DE	0000	62
		i1_setuptrans  		CODE           	18D2	0000	262
		_i2c1_fsmStateTable		SMALLCONST     	0401	0000	38
		i1_NRF24_getStat		CODE           	249C	0000	24
		_spi1_configuration		SMALLCONST     	0427	0000	5
		i1_SPI1_ExchangeByte		CODE           	230E	0000	36

shared estimated size: 806

C:\Program Files\Microchip\xc8\v2.32\pic\sources\c99\common\sprcmul.c
		___flmul       		CODE           	08F2	0000	1104

C:\Program Files\Microchip\xc8\v2.32\pic\sources\c99\common\sprcmul.c estimated size: 1104

mcc_generated_files/pwm5.c
		_PWM5_LoadDutyValue		CODE           	2188	0000	54
		_PWM5_Initialize		CODE           	243C	0000	24

mcc_generated_files/pwm5.c estimated size: 78

mcc_generated_files/mcc.c
		_PMD_Initialize		CODE           	22C6	0000	36
		_OSCILLATOR_Initialize		CODE           	2454	0000	24
		_SYSTEM_Initialize		CODE           	20A0	0000	62

mcc_generated_files/mcc.c estimated size: 122

mcc_generated_files/tmr3.c
		_TMR3_ISR      		CODE           	1F9E	0000	66
		_TMR3_Initialize		CODE           	1FE0	0000	64
		_TMR3_SetInterruptHandler		CODE           	250E	0000	10
		_TMR3_DefaultInterruptHandler		CODE           	2530	0000	2
		_TMR3_WriteTimer		CODE           	2226	0000	44

mcc_generated_files/tmr3.c estimated size: 186

C:\Program Files\Microchip\xc8\v2.32\pic\sources\c99\common\sprcdiv.c
		___fldiv       		CODE           	0D42	0000	924

C:\Program Files\Microchip\xc8\v2.32\pic\sources\c99\common\sprcdiv.c estimated size: 924

mcc_generated_files/tmr1.c
		_TMR1_Initialize		CODE           	21F4	0000	50

mcc_generated_files/tmr1.c estimated size: 50

C:\Program Files\Microchip\xc8\v2.32\pic\sources\c99\common\fltol.c
		___fltol       		CODE           	17CA	0000	264

C:\Program Files\Microchip\xc8\v2.32\pic\sources\c99\common\fltol.c estimated size: 264

C:\Program Files\Microchip\xc8\v2.32\pic\sources\c99\common\xxtofl.c
		___xxtofl      		CODE           	1500	0000	440

C:\Program Files\Microchip\xc8\v2.32\pic\sources\c99\common\xxtofl.c estimated size: 440

main.c
		_zero_motors   		CODE           	1DD6	0000	88
		_main          		CODE           	12F0	0000	528
		_set_motor     		CODE           	1C34	0000	114
		_set_motors    		CODE           	1E2E	0000	88
		_check_comm    		CODE           	1F14	0000	70
		_hover         		CODE           	10DE	0000	530

main.c estimated size: 1418

